[0.000000] (-) TimerEvent: {}
[0.000657] (roboto) JobQueued: {'identifier': 'roboto', 'dependencies': OrderedDict()}
[0.000776] (roboto) JobStarted: {'identifier': 'roboto'}
[0.007738] (roboto) JobProgress: {'identifier': 'roboto', 'progress': 'cmake'}
[0.008258] (roboto) JobProgress: {'identifier': 'roboto', 'progress': 'build'}
[0.008808] (roboto) Command: {'cmd': ['/usr/local/bin/cmake', '--build', '/home/loic/ros_ws/build/roboto', '--', '-j12', '-l12'], 'cwd': '/home/loic/ros_ws/build/roboto', 'env': OrderedDict([('LESSOPEN', '| /usr/bin/lesspipe %s'), ('QT_SCALE_FACTOR', '1'), ('LANGUAGE', 'en'), ('USER', 'loic'), ('LC_TIME', 'id_ID.UTF-8'), ('XDG_SEAT', 'seat0'), ('XDG_SESSION_TYPE', 'x11'), ('COMPIZ_CONFIG_PROFILE', 'mate'), ('SHLVL', '1'), ('LD_LIBRARY_PATH', '/opt/ros/humble/opt/rviz_ogre_vendor/lib:/opt/ros/humble/lib/x86_64-linux-gnu:/opt/ros/humble/lib'), ('HOME', '/home/loic'), ('OLDPWD', '/home/loic'), ('DESKTOP_SESSION', 'mate'), ('ROS_PYTHON_VERSION', '3'), ('GTK_MODULES', 'appmenu-gtk-module:gail:atk-bridge:canberra-gtk-module'), ('XDG_SEAT_PATH', '/org/freedesktop/DisplayManager/Seat0'), ('LC_MONETARY', 'id_ID.UTF-8'), ('DBUS_SESSION_BUS_ADDRESS', 'unix:path=/run/user/1000/bus'), ('COLORTERM', 'truecolor'), ('UBUNTU_MENUPROXY', '1'), ('QT_QPA_PLATFORMTHEME', 'gtk2'), ('COLCON_PREFIX_PATH', '/home/loic/ros_ws/install'), ('ROS_DISTRO', 'humble'), ('LOGNAME', 'loic'), ('ONSHAPE_SECRET_KEY', 'KHJ49kaTVx9gMwvSgSGrjOtPBttD3H2kV4dze850hmLA7LtK'), ('WINDOWID', '10485766'), ('_', '/usr/bin/colcon'), ('ROS_VERSION', '2'), ('XDG_SESSION_CLASS', 'user'), ('TERM', 'xterm-256color'), ('GTK_OVERLAY_SCROLLING', '0'), ('XDG_SESSION_ID', 'c2'), ('ROS_LOCALHOST_ONLY', '0'), ('PATH', '/opt/ros/humble/bin:/usr/local/sbin:/usr/local/bin:/usr/sbin:/usr/bin:/sbin:/bin:/usr/games:/usr/local/games:/snap/bin:/home/loic/.local/bin'), ('SESSION_MANAGER', 'local/loic-Legion-5-15ACH6H:@/tmp/.ICE-unix/1592,unix/loic-Legion-5-15ACH6H:/tmp/.ICE-unix/1592'), ('GDM_LANG', 'en'), ('PAPERSIZE', 'a4'), ('XDG_SESSION_PATH', '/org/freedesktop/DisplayManager/Session0'), ('LC_ADDRESS', 'id_ID.UTF-8'), ('XDG_RUNTIME_DIR', '/run/user/1000'), ('DISPLAY', ':0'), ('LANG', 'en_US.UTF-8'), ('XDG_CURRENT_DESKTOP', 'MATE'), ('LC_TELEPHONE', 'id_ID.UTF-8'), ('XDG_SESSION_DESKTOP', 'mate'), ('XAUTHORITY', '/home/loic/.Xauthority'), ('LS_COLORS', 'rs=0:di=01;34:ln=01;36:mh=00:pi=40;33:so=01;35:do=01;35:bd=40;33;01:cd=40;33;01:or=40;31;01:mi=00:su=37;41:sg=30;43:ca=30;41:tw=30;42:ow=34;42:st=37;44:ex=01;32:*.tar=01;31:*.tgz=01;31:*.arc=01;31:*.arj=01;31:*.taz=01;31:*.lha=01;31:*.lz4=01;31:*.lzh=01;31:*.lzma=01;31:*.tlz=01;31:*.txz=01;31:*.tzo=01;31:*.t7z=01;31:*.zip=01;31:*.z=01;31:*.dz=01;31:*.gz=01;31:*.lrz=01;31:*.lz=01;31:*.lzo=01;31:*.xz=01;31:*.zst=01;31:*.tzst=01;31:*.bz2=01;31:*.bz=01;31:*.tbz=01;31:*.tbz2=01;31:*.tz=01;31:*.deb=01;31:*.rpm=01;31:*.jar=01;31:*.war=01;31:*.ear=01;31:*.sar=01;31:*.rar=01;31:*.alz=01;31:*.ace=01;31:*.zoo=01;31:*.cpio=01;31:*.7z=01;31:*.rz=01;31:*.cab=01;31:*.wim=01;31:*.swm=01;31:*.dwm=01;31:*.esd=01;31:*.jpg=01;35:*.jpeg=01;35:*.mjpg=01;35:*.mjpeg=01;35:*.gif=01;35:*.bmp=01;35:*.pbm=01;35:*.pgm=01;35:*.ppm=01;35:*.tga=01;35:*.xbm=01;35:*.xpm=01;35:*.tif=01;35:*.tiff=01;35:*.png=01;35:*.svg=01;35:*.svgz=01;35:*.mng=01;35:*.pcx=01;35:*.mov=01;35:*.mpg=01;35:*.mpeg=01;35:*.m2v=01;35:*.mkv=01;35:*.webm=01;35:*.webp=01;35:*.ogm=01;35:*.mp4=01;35:*.m4v=01;35:*.mp4v=01;35:*.vob=01;35:*.qt=01;35:*.nuv=01;35:*.wmv=01;35:*.asf=01;35:*.rm=01;35:*.rmvb=01;35:*.flc=01;35:*.avi=01;35:*.fli=01;35:*.flv=01;35:*.gl=01;35:*.dl=01;35:*.xcf=01;35:*.xwd=01;35:*.yuv=01;35:*.cgm=01;35:*.emf=01;35:*.ogv=01;35:*.ogx=01;35:*.aac=00;36:*.au=00;36:*.flac=00;36:*.m4a=00;36:*.mid=00;36:*.midi=00;36:*.mka=00;36:*.mp3=00;36:*.mpc=00;36:*.ogg=00;36:*.ra=00;36:*.wav=00;36:*.oga=00;36:*.opus=00;36:*.spx=00;36:*.xspf=00;36:'), ('SSH_AUTH_SOCK', '/run/user/1000/keyring/ssh'), ('XDG_GREETER_DATA_DIR', '/var/lib/lightdm-data/loic'), ('AMENT_PREFIX_PATH', '/home/loic/ros_ws/install/roboto:/opt/ros/humble'), ('SHELL', '/bin/bash'), ('LC_NAME', 'id_ID.UTF-8'), ('QT_ACCESSIBILITY', '1'), ('GDMSESSION', 'mate'), ('LESSCLOSE', '/usr/bin/lesspipe %s %s'), ('LC_MEASUREMENT', 'id_ID.UTF-8'), ('GPG_AGENT_INFO', '/run/user/1000/gnupg/S.gpg-agent:0:1'), ('LC_IDENTIFICATION', 'id_ID.UTF-8'), ('XDG_VTNR', '7'), ('PWD', '/home/loic/ros_ws/build/roboto'), ('LC_ALL', 'en_US.UTF-8'), ('XDG_CONFIG_DIRS', '/etc/xdg/xdg-mate:/etc/xdg'), ('ONSHAPE_ACCESS_KEY', 'PhwXvjbHjp9tNjTFMpdZbPKP'), ('XDG_DATA_DIRS', '/usr/share/mate:/home/loic/.local/share/flatpak/exports/share:/var/lib/flatpak/exports/share:/usr/local/share:/usr/share:/var/lib/snapd/desktop'), ('PYTHONPATH', '/opt/ros/humble/lib/python3.10/site-packages:/opt/ros/humble/local/lib/python3.10/dist-packages'), ('LC_NUMERIC', 'id_ID.UTF-8'), ('MATE_DESKTOP_SESSION_ID', 'this-is-deprecated'), ('LC_PAPER', 'id_ID.UTF-8'), ('ONSHAPE_API', 'https://cad.onshape.com'), ('COLCON', '1'), ('VTE_VERSION', '6800'), ('CMAKE_PREFIX_PATH', '/home/loic/ros_ws/install/roboto'), ('QT_FONT_DPI', '96')]), 'shell': False}
[0.019155] (roboto) StderrLine: {'line': b'\x1b[0mCMake Deprecation Warning at CMakeLists.txt:1 (cmake_minimum_required):\n'}
[0.019382] (roboto) StderrLine: {'line': b'  Compatibility with CMake < 3.10 will be removed from a future version of\n'}
[0.019490] (roboto) StderrLine: {'line': b'  CMake.\n'}
[0.019583] (roboto) StderrLine: {'line': b'\n'}
[0.019671] (roboto) StderrLine: {'line': b'  Update the VERSION argument <min> value.  Or, use the <min>...<max> syntax\n'}
[0.019757] (roboto) StderrLine: {'line': b'  to tell CMake that the project requires at least <min> but has been updated\n'}
[0.019841] (roboto) StderrLine: {'line': b'  to work with policies introduced by <max> or earlier.\n'}
[0.019926] (roboto) StderrLine: {'line': b'\n'}
[0.020010] (roboto) StderrLine: {'line': b'\x1b[0m\n'}
[0.029096] (roboto) StdoutLine: {'line': b'-- Found ament_cmake: 1.3.11 (/opt/ros/humble/share/ament_cmake/cmake)\n'}
[0.099822] (-) TimerEvent: {}
[0.196785] (roboto) StdoutLine: {'line': b'-- Found xacro: 2.0.8 (/opt/ros/humble/share/xacro/cmake)\n'}
[0.197037] (roboto) StdoutLine: {'line': b'-- Found ament_lint_auto: 0.12.11 (/opt/ros/humble/share/ament_lint_auto/cmake)\n'}
[0.199888] (-) TimerEvent: {}
[0.239146] (roboto) StderrLine: {'line': b"Error parsing '/home/loic/ros_ws/src/roboto/package.xml':\n"}
[0.276667] (roboto) StderrLine: {'line': b'Traceback (most recent call last):\n'}
[0.276834] (roboto) StderrLine: {'line': b'  File "/usr/lib/python3/dist-packages/catkin_pkg/package.py", line 610, in parse_package_string\n'}
[0.277116] (roboto) StderrLine: {'line': b'    root = dom.parseString(data)\n'}
[0.277229] (roboto) StderrLine: {'line': b'  File "/usr/lib/python3.10/xml/dom/minidom.py", line 2000, in parseString\n'}
[0.277608] (roboto) StderrLine: {'line': b'    return expatbuilder.parseString(string)\n'}
[0.277708] (roboto) StderrLine: {'line': b'  File "/usr/lib/python3.10/xml/dom/expatbuilder.py", line 925, in parseString\n'}
[0.277970] (roboto) StderrLine: {'line': b'    return builder.parseString(string)\n'}
[0.278072] (roboto) StderrLine: {'line': b'  File "/usr/lib/python3.10/xml/dom/expatbuilder.py", line 223, in parseString\n'}
[0.278275] (roboto) StderrLine: {'line': b'    parser.Parse(string, True)\n'}
[0.278367] (roboto) StderrLine: {'line': b'xml.parsers.expat.ExpatError: not well-formed (invalid token): line 15, column 42\n'}
[0.278445] (roboto) StderrLine: {'line': b'\n'}
[0.278504] (roboto) StderrLine: {'line': b'During handling of the above exception, another exception occurred:\n'}
[0.278563] (roboto) StderrLine: {'line': b'\n'}
[0.278620] (roboto) StderrLine: {'line': b'Traceback (most recent call last):\n'}
[0.278676] (roboto) StderrLine: {'line': b'  File "/opt/ros/humble/share/ament_cmake_core/cmake/core/package_xml_2_cmake.py", line 150, in <module>\n'}
[0.278735] (roboto) StderrLine: {'line': b'    main()\n'}
[0.278791] (roboto) StderrLine: {'line': b'  File "/opt/ros/humble/share/ament_cmake_core/cmake/core/package_xml_2_cmake.py", line 53, in main\n'}
[0.278845] (roboto) StderrLine: {'line': b'    raise e\n'}
[0.278900] (roboto) StderrLine: {'line': b'  File "/opt/ros/humble/share/ament_cmake_core/cmake/core/package_xml_2_cmake.py", line 49, in main\n'}
[0.278965] (roboto) StderrLine: {'line': b'    package = parse_package_string(\n'}
[0.279021] (roboto) StderrLine: {'line': b'  File "/usr/lib/python3/dist-packages/catkin_pkg/package.py", line 612, in parse_package_string\n'}
[0.279078] (roboto) StderrLine: {'line': b"    raise InvalidPackage('The manifest contains invalid XML:\\n%s' % ex, filename)\n"}
[0.279134] (roboto) StderrLine: {'line': b"catkin_pkg.package.InvalidPackage: Error(s) in package '/home/loic/ros_ws/src/roboto/package.xml':\n"}
[0.279192] (roboto) StderrLine: {'line': b'The manifest contains invalid XML:\n'}
[0.279270] (roboto) StderrLine: {'line': b'not well-formed (invalid token): line 15, column 42\n'}
[0.289252] (roboto) StderrLine: {'line': b'\x1b[31mCMake Error at /opt/ros/humble/share/ament_cmake_core/cmake/core/ament_package_xml.cmake:95 (message):\n'}
[0.289436] (roboto) StderrLine: {'line': b'  execute_process(/usr/bin/python3\n'}
[0.289539] (roboto) StderrLine: {'line': b'  /opt/ros/humble/share/ament_cmake_core/cmake/core/package_xml_2_cmake.py\n'}
[0.289631] (roboto) StderrLine: {'line': b'  /home/loic/ros_ws/src/roboto/package.xml\n'}
[0.289725] (roboto) StderrLine: {'line': b'  /home/loic/ros_ws/build/roboto/ament_cmake_core/package.cmake) returned\n'}
[0.289813] (roboto) StderrLine: {'line': b'  error code 1\n'}
[0.289898] (roboto) StderrLine: {'line': b'Call Stack (most recent call first):\n'}
[0.289984] (roboto) StderrLine: {'line': b'  /opt/ros/humble/share/ament_cmake_core/cmake/core/ament_package_xml.cmake:49 (_ament_package_xml)\n'}
[0.290071] (roboto) StderrLine: {'line': b'  /opt/ros/humble/share/ament_lint_auto/cmake/ament_lint_auto_find_test_dependencies.cmake:31 (ament_package_xml)\n'}
[0.290156] (roboto) StderrLine: {'line': b'  CMakeLists.txt:25 (ament_lint_auto_find_test_dependencies)\n'}
[0.290289] (roboto) StderrLine: {'line': b'\n'}
[0.290381] (roboto) StderrLine: {'line': b'\x1b[0m\n'}
[0.290464] (roboto) StdoutLine: {'line': b'-- Configuring incomplete, errors occurred!\n'}
[0.293198] (roboto) StderrLine: {'line': b'gmake: *** [Makefile:226: cmake_check_build_system] Error 1\n'}
[0.294777] (roboto) CommandEnded: {'returncode': 2}
[0.295140] (roboto) JobEnded: {'identifier': 'roboto', 'rc': 2}
[0.295842] (-) EventReactorShutdown: {}
